[Licensing::Module] Trying to connect to existing licensing client channel...
[Licensing::IpcConnector] Successfully connected to: "LicenseClient-LorXer" at "2026-08-12T17:41:31.4658646Z"
[Licensing::Client] Code 1 while verifying Licensing Client signature (process Id: 1792, path: "C:/Program Files/Unity Hub/UnityLicensingClient_V1/Unity.Licensing.Client.exe")
[Licensing::Module] LicensingClient has failed validation; ignoring
[Licensing::Client] Error: HandshakeResponse reported an error:
	ResponseCode: 505
	ResponseStatus: Unsupported protocol version '1.16.2'.
[Licensing::Module] Error: Failed to handshake to channel: "LicenseClient-LorXer"
[Licensing::IpcConnector] LicenseClient-LorXer channel disconnected successfully.
[Licensing::IpcConnector] Channel LicenseClient-LorXer-2022.3.62 doesn't exist
[Licensing::Module] Successfully launched the LicensingClient (PId: 9356)
[Licensing::IpcConnector] Successfully connected to: "LicenseClient-LorXer-2022.3.62" at "2026-08-12T17:41:32.3391315Z"
[Licensing::Client] Code 10 while verifying Licensing Client signature (process Id: 9356, path: "D:/unity/2022.3.62f3c1/Editor/Data/Resources/Licensing/Client/Unity.Licensing.Client.exe")
[Licensing::Module] LicensingClient has failed validation; ignoring
[Licensing::Client] Handshaking with LicensingClient:
  Version:                 1.16.2+bdef8f5
  Session Id:              13b81b2e28324299917603efa0402745
  Correlation Id:          bab44d1bf5f17cbc47d7b1c780f579cb
  External correlation Id: 1160456050461615944
  Machine Id:              w8T/Ru3ZCkY8r/AmUIgsthpXrdA=
[Licensing::Module] Successfully connected to LicensingClient on channel: "LicenseClient-LorXer-2022.3.62" (connect: 0.85s, validation: 0.05s, handshake: 0.03s)
[Licensing::IpcConnector] Successfully connected to: "LicenseClient-LorXer-2022.3.62-notifications" at "2026-08-12T17:41:32.4203188Z"
[Licensing::Module] Connected to LicensingClient (PId: 9356, launch time: 0.00, total connection time: 0.94s)
[Licensing::Module] Error: Access token is unavailable; failed to update
[Licensing::Client] Successfully updated license
Built from '2022.3/china_unity/release' branch; Version is '2022.3.62f3c1 (1623fc0bbb97) revision 1451004'; Using compiler version '192829333'; Build Type 'Release'
OS: 'Windows 11  (10.0.26200) 64bit CoreCountrySpecific' Language: 'zh' Physical Memory: 32045 MB
[Licensing::Client] Successfully resolved entitlement details
[Licensing::Module] Serial number assigned to: "F4-UG8N-EKYE-5D3D-59HS-XXXX"
BatchMode: 1, IsHumanControllingUs: 0, StartBugReporterOnCrash: 0, Is64bit: 1, IsPro: 0
[Licensing::Client] Successfully resolved entitlement details

COMMAND LINE ARGUMENTS:
D:\unity\2022.3.62f3c1\Editor\Unity.exe
-batchmode
-nographics
-quit
-projectPath
C:/Users/LorXer/Documents/trae_projects/FallenAngel
-logFile
C:/Users/LorXer/Documents/trae_projects/FallenAngel/compile.log
Successfully changed project path to: C:/Users/LorXer/Documents/trae_projects/FallenAngel
C:/Users/LorXer/Documents/trae_projects/FallenAngel
[UnityMemory] Configuration Parameters - Can be set up in boot.config
    "memorysetup-bucket-allocator-granularity=16"
    "memorysetup-bucket-allocator-bucket-count=8"
    "memorysetup-bucket-allocator-block-size=33554432"
    "memorysetup-bucket-allocator-block-count=8"
    "memorysetup-main-allocator-block-size=16777216"
    "memorysetup-thread-allocator-block-size=16777216"
    "memorysetup-gfx-main-allocator-block-size=16777216"
    "memorysetup-gfx-thread-allocator-block-size=16777216"
    "memorysetup-cache-allocator-block-size=4194304"
    "memorysetup-typetree-allocator-block-size=2097152"
    "memorysetup-profiler-bucket-allocator-granularity=16"
    "memorysetup-profiler-bucket-allocator-bucket-count=8"
    "memorysetup-profiler-bucket-allocator-block-size=33554432"
    "memorysetup-profiler-bucket-allocator-block-count=8"
    "memorysetup-profiler-allocator-block-size=16777216"
    "memorysetup-profiler-editor-allocator-block-size=1048576"
    "memorysetup-temp-allocator-size-main=16777216"
    "memorysetup-job-temp-allocator-block-size=2097152"
    "memorysetup-job-temp-allocator-block-size-background=1048576"
    "memorysetup-job-temp-allocator-reduction-small-platforms=262144"
    "memorysetup-allocator-temp-initial-block-size-main=262144"
    "memorysetup-allocator-temp-initial-block-size-worker=262144"
    "memorysetup-temp-allocator-size-background-worker=32768"
    "memorysetup-temp-allocator-size-job-worker=262144"
    "memorysetup-temp-allocator-size-preload-manager=33554432"
    "memorysetup-temp-allocator-size-nav-mesh-worker=65536"
    "memorysetup-temp-allocator-size-audio-worker=65536"
    "memorysetup-temp-allocator-size-cloud-worker=32768"
    "memorysetup-temp-allocator-size-gi-baking-worker=262144"
    "memorysetup-temp-allocator-size-gfx=262144"
Player connection [19336]  Target information:

Player connection [19336]  * "[IP] 10.100.118.89 [Port] 55504 [Flags] 2 [Guid] 1782839113 [EditorId] 1782839113 [Version] 1048832 [Id] WindowsEditor(7,DESKTOP-TSUDHV2) [Debug] 1 [PackageName] WindowsEditor [ProjectName] Editor" 

Player connection [19336] Host joined multi-casting on [225.0.0.222:54997]...
Player connection [19336] Host joined alternative multi-casting on [225.0.0.222:34997]...
Input System module state changed to: Initialized.
[PhysX] Initialized MultithreadedTaskDispatcher with 16 workers.
[Package Manager] UpmClient::Connect -- Connected to IPC stream "Upm-11712" after 0.3 seconds.
[Package Manager] Restoring resolved packages state from cache
[Licensing::Client] Successfully resolved entitlement details
[Package Manager] Registered 12 packages:
  Packages from [https://packages.unity.cn]:
    com.unity.textmeshpro@3.0.6 (location: C:\Users\LorXer\Documents\trae_projects\FallenAngel\Library\PackageCache\com.unity.textmeshpro@3.0.6)
  Built-in packages:
    com.unity.ugui@1.0.0 (location: C:\Users\LorXer\Documents\trae_projects\FallenAngel\Library\PackageCache\com.unity.ugui@1.0.0)
    com.unity.modules.audio@1.0.0 (location: C:\Users\LorXer\Documents\trae_projects\FallenAngel\Library\PackageCache\com.unity.modules.audio@1.0.0)
    com.unity.modules.imgui@1.0.0 (location: C:\Users\LorXer\Documents\trae_projects\FallenAngel\Library\PackageCache\com.unity.modules.imgui@1.0.0)
    com.unity.modules.jsonserialize@1.0.0 (location: C:\Users\LorXer\Documents\trae_projects\FallenAngel\Library\PackageCache\com.unity.modules.jsonserialize@1.0.0)
    com.unity.modules.particlesystem@1.0.0 (location: C:\Users\LorXer\Documents\trae_projects\FallenAngel\Library\PackageCache\com.unity.modules.particlesystem@1.0.0)
    com.unity.modules.physics@1.0.0 (location: C:\Users\LorXer\Documents\trae_projects\FallenAngel\Library\PackageCache\com.unity.modules.physics@1.0.0)
    com.unity.modules.physics2d@1.0.0 (location: C:\Users\LorXer\Documents\trae_projects\FallenAngel\Library\PackageCache\com.unity.modules.physics2d@1.0.0)
    com.unity.modules.ui@1.0.0 (location: C:\Users\LorXer\Documents\trae_projects\FallenAngel\Library\PackageCache\com.unity.modules.ui@1.0.0)
    com.unity.modules.uielements@1.0.0 (location: C:\Users\LorXer\Documents\trae_projects\FallenAngel\Library\PackageCache\com.unity.modules.uielements@1.0.0)
    com.unity.modules.unitywebrequest@1.0.0 (location: C:\Users\LorXer\Documents\trae_projects\FallenAngel\Library\PackageCache\com.unity.modules.unitywebrequest@1.0.0)
    com.unity.modules.unitywebrequestaudio@1.0.0 (location: C:\Users\LorXer\Documents\trae_projects\FallenAngel\Library\PackageCache\com.unity.modules.unitywebrequestaudio@1.0.0)
Setting multithreaded rendering option only supported for iOS, tvOS and Android platforms, HMIAndroid provided
Multithreaded rendering setting removed for platform HMIAndroid
Invalid version provided - release type(a|b|f|p|x) or end of string expected, got t
Invalid version provided - release type(a|b|f|p|x) or end of string expected, got t
Invalid version provided - release type(a|b|f|p|x) or end of string expected, got t
Invalid version provided - release type(a|b|f|p|x) or end of string expected, got t
Invalid version provided - release type(a|b|f|p|x) or end of string expected, got t
[Subsystems] No new subsystems found in resolved package list.
Package Manager log level set to [2]
[Package Manager] Done registering packages in 0.51 seconds
Refreshing native plugins compatible for Editor in 0.00 ms, found 0 plugins.
Preloading 0 native plugins for Editor in 0.00 ms.
Initialize engine version: 2022.3.62f3c1 (1623fc0bbb97)
[Subsystems] Discovering subsystems at path D:/unity/2022.3.62f3c1/Editor/Data/Resources/UnitySubsystems
[Subsystems] Discovering subsystems at path C:/Users/LorXer/Documents/trae_projects/FallenAngel/Assets
Forcing GfxDevice: Null
GfxDevice: creating device client; threaded=0; jobified=0
NullGfxDevice:
    Version:  NULL 1.0 [1.0]
    Renderer: Null Device
    Vendor:   Unity Technologies
[Licensing::Client] Successfully resolved entitlement details
Initialize mono
Mono path[0] = 'D:/unity/2022.3.62f3c1/Editor/Data/Managed'
Mono path[1] = 'D:/unity/2022.3.62f3c1/Editor/Data/MonoBleedingEdge/lib/mono/unityjit-win32'
Mono config path = 'D:/unity/2022.3.62f3c1/Editor/Data/MonoBleedingEdge/etc'
Using monoOptions --debugger-agent=transport=dt_socket,embedding=1,server=y,suspend=n,address=127.0.0.1:56712
Using cacheserver namespaces - metadata:defaultmetadata, artifacts:defaultartifacts
Using cacheserver namespaces - metadata:defaultmetadata, artifacts:defaultartifacts
ImportWorker Server TCP listen port: 0
Begin MonoManager ReloadAssembly
Registering precompiled unity dll's ...
Register platform support module: D:/unity/2022.3.62f3c1/Editor/Data/PlaybackEngines/WindowsStandaloneSupport/UnityEditor.WindowsStandalone.Extensions.dll
Registered in 0.002771 seconds.
- Loaded All Assemblies, in  0.207 seconds
Native extension for WindowsStandalone target not found
Mono: successfully reloaded assembly
- Finished resetting the current domain, in  0.168 seconds
Domain Reload Profiling: 375ms
	BeginReloadAssembly (65ms)
		ExecutionOrderSort (0ms)
		DisableScriptedObjects (0ms)
		BackupInstance (0ms)
		ReleaseScriptingObjects (0ms)
		CreateAndSetChildDomain (1ms)
	RebuildCommonClasses (21ms)
	RebuildNativeTypeToScriptingClass (7ms)
	initialDomainReloadingComplete (31ms)
	LoadAllAssembliesAndSetupDomain (82ms)
		LoadAssemblies (65ms)
		RebuildTransferFunctionScriptingTraits (0ms)
		AnalyzeDomain (81ms)
			TypeCache.Refresh (80ms)
				TypeCache.ScanAssembly (71ms)
			ScanForSourceGeneratedMonoScriptInfo (0ms)
			ResolveRequiredComponents (0ms)
	FinalizeReload (168ms)
		ReleaseScriptCaches (0ms)
		RebuildScriptCaches (0ms)
		SetupLoadedEditorAssemblies (138ms)
			LogAssemblyErrors (0ms)
			InitializePlatformSupportModulesInManaged (5ms)
			SetLoadedEditorAssemblies (5ms)
			RefreshPlugins (0ms)
			BeforeProcessingInitializeOnLoad (1ms)
			ProcessInitializeOnLoadAttributes (93ms)
			ProcessInitializeOnLoadMethodAttributes (34ms)
			AfterProcessingInitializeOnLoad (0ms)
			EditorAssembliesLoaded (0ms)
		ExecutionOrderSort2 (0ms)
		AwakeInstancesAfterBackupRestoration (0ms)
[Licensing::Client] Successfully resolved entitlement details
Application.AssetDatabase Initial Refresh Start
[ScriptCompilation] Requested script compilation because: Assetdatabase observed changes in script compilation related files
info: Microsoft.Hosting.Lifetime[14]
      Now listening on: http://localhost:80
info: Microsoft.Hosting.Lifetime[0]
      Application started. Press Ctrl+C to shut down.
info: Microsoft.Hosting.Lifetime[0]
      Hosting environment: Production
info: Microsoft.Hosting.Lifetime[0]
      Content root path: C:\Users\LorXer\Documents\trae_projects\FallenAngel\
info: Microsoft.AspNetCore.Hosting.Diagnostics[1]
      Request starting HTTP/2 POST http://ilpp/UnityILPP.PostProcessing/Ping application/grpc -
info: Microsoft.AspNetCore.Routing.EndpointMiddleware[0]
      Executing endpoint 'gRPC - /UnityILPP.PostProcessing/Ping'
info: Microsoft.AspNetCore.Routing.EndpointMiddleware[1]
      Executed endpoint 'gRPC - /UnityILPP.PostProcessing/Ping'
info: Microsoft.AspNetCore.Hosting.Diagnostics[2]
      Request finished HTTP/2 POST http://ilpp/UnityILPP.PostProcessing/Ping application/grpc - - 200 - application/grpc 28.8126ms
Starting: D:\unity\2022.3.62f3c1\Editor\Data\bee_backend.exe --ipc --defer-dag-verification --dagfile="Library/Bee/1900b0aE.dag" --continue-on-failure --profile="Library/Bee/backend1.traceevents" ScriptAssemblies
WorkingDir: C:/Users/LorXer/Documents/trae_projects/FallenAngel
DisplayProgressbar: Compiling Scripts
ExitCode: 4 Duration: 0s976ms
Rebuilding DAG because FileSignature timestamp changed: Library/Bee/1900b0aE-inputdata.json
[128/131    0s] Csc Library/Bee/artifacts/1900b0aE.dag/Assembly-CSharp.dll (+2 others)
Assets\Scripts\Core\SceneBuilder.cs(37,13): warning CS0618: 'EditorApplication.NewScene()' is obsolete: 'Use EditorSceneManager.NewScene (NewSceneSetup.DefaultGameObjects)'
*** Tundra requires additional run (0.95 seconds), 1 items updated, 127 evaluated
Starting: D:\unity\2022.3.62f3c1\Editor\Data\Tools\netcorerun\netcorerun.exe "D:\unity\2022.3.62f3c1\Editor\Data\Tools\BuildPipeline\ScriptCompilationBuildProgram.exe" "Library/Bee/1900b0aE.dag.json" "Library/Bee/1900b0aE-inputdata.json" "Library\Bee\buildprogram0.traceevents"
WorkingDir: C:/Users/LorXer/Documents/trae_projects/FallenAngel
ExitCode: 0 Duration: 1s978ms
Starting: D:\unity\2022.3.62f3c1\Editor\Data\bee_backend.exe --ipc --defer-dag-verification --dagfile="Library/Bee/1900b0aE.dag" --continue-on-failure --dagfilejson="Library\Bee\1900b0aE.dag.json" --profile="Library/Bee/backend2.traceevents" ScriptAssemblies
WorkingDir: C:/Users/LorXer/Documents/trae_projects/FallenAngel
ExitCode: 0 Duration: 0s51ms
Finished compiling graph: 134 nodes, 704 flattened edges (656 ToBuild, 10 ToUse), maximum node priority 70
[129/131    0s] CopyFiles Library/ScriptAssemblies/Assembly-CSharp.pdb
[130/131    0s] CopyFiles Library/ScriptAssemblies/Assembly-CSharp.dll
*** Tundra build success (0.03 seconds), 2 items updated, 131 evaluated
AssetDatabase: script compilation time: 3.346931s
Begin MonoManager ReloadAssembly
Total cache size 11488344
Total cache size after purge 11488344
- Loaded All Assemblies, in  0.268 seconds
Refreshing native plugins compatible for Editor in 0.00 ms, found 0 plugins.
Preloading 0 native plugins for Editor in 0.00 ms.
Start importing Assets/Scripts/UI/GameStarter.cs using Guid(7234190a77fcc4e469046f2247b1144a) Importer(-1,00000000000000000000000000000000) [PhysX] Initialized MultithreadedTaskDispatcher with 16 workers.
 -> (artifact id: '7ecb7df218a793681eecce28335f11a8') in 0.016629 seconds
Start importing Assets/Scripts/UI/PauseController.cs using Guid(08f5abd2a0b7e964eaafbd4205966004) Importer(-1,00000000000000000000000000000000) [PhysX] Initialized MultithreadedTaskDispatcher with 16 workers.
 -> (artifact id: '59a75495abf594473a5637c41c4ff77f') in 0.008044 seconds
Start importing Assets/Scripts/Audio/AudioManager.cs using Guid(f8669404dd7af14408d0b91d5bad922e) Importer(-1,00000000000000000000000000000000) [PhysX] Initialized MultithreadedTaskDispatcher with 16 workers.
 -> (artifact id: '430ccf42b57fcc50d3d9cc0ae0e585dc') in 0.006850 seconds
Start importing Assets/Scripts/UI/ResultScreen.cs using Guid(4ba573c676f362f46981f13b60544767) Importer(-1,00000000000000000000000000000000) [PhysX] Initialized MultithreadedTaskDispatcher with 16 workers.
 -> (artifact id: 'cebee12e695efbbae286151b731b4457') in 0.007073 seconds
Start importing Assets/Scripts/Core/GameManager.cs using Guid(6ee4e23c0ddae8644be035a5c0b2965a) Importer(-1,00000000000000000000000000000000) [PhysX] Initialized MultithreadedTaskDispatcher with 16 workers.
 -> (artifact id: 'f914c696d870f77ae6d2281bd6db34ec') in 0.007861 seconds
Refreshing native plugins compatible for Editor in 0.00 ms, found 0 plugins.
Native extension for WindowsStandalone target not found
Mono: successfully reloaded assembly
- Finished resetting the current domain, in  0.193 seconds
Domain Reload Profiling: 461ms
	BeginReloadAssembly (99ms)
		ExecutionOrderSort (0ms)
		DisableScriptedObjects (4ms)
		BackupInstance (0ms)
		ReleaseScriptingObjects (0ms)
		CreateAndSetChildDomain (19ms)
	RebuildCommonClasses (21ms)
	RebuildNativeTypeToScriptingClass (7ms)
	initialDomainReloadingComplete (12ms)
	LoadAllAssembliesAndSetupDomain (129ms)
		LoadAssemblies (172ms)
		RebuildTransferFunctionScriptingTraits (0ms)
		AnalyzeDomain (9ms)
			TypeCache.Refresh (6ms)
				TypeCache.ScanAssembly (3ms)
			ScanForSourceGeneratedMonoScriptInfo (1ms)
			ResolveRequiredComponents (2ms)
	FinalizeReload (194ms)
		ReleaseScriptCaches (0ms)
		RebuildScriptCaches (0ms)
		SetupLoadedEditorAssemblies (127ms)
			LogAssemblyErrors (0ms)
			InitializePlatformSupportModulesInManaged (3ms)
			SetLoadedEditorAssemblies (3ms)
			RefreshPlugins (0ms)
			BeforeProcessingInitializeOnLoad (23ms)
			ProcessInitializeOnLoadAttributes (86ms)
			ProcessInitializeOnLoadMethodAttributes (11ms)
			AfterProcessingInitializeOnLoad (2ms)
			EditorAssembliesLoaded (0ms)
		ExecutionOrderSort2 (0ms)
		AwakeInstancesAfterBackupRestoration (5ms)
Refreshing native plugins compatible for Editor in 0.00 ms, found 0 plugins.
Preloading 0 native plugins for Editor in 0.00 ms.
Asset Pipeline Refresh (id=aa5466635a3904641af8537fb9b2c4ab): Total: 4.057 seconds - Initiated by InitialRefreshV2(ForceSynchronousImport)
	Summary:
		Imports: total=5 (actual=5, local cache=0, cache server=0)
		Asset DB Process Time: managed=2 ms, native=200 ms
		Asset DB Callback time: managed=30 ms, native=2 ms
		Scripting: domain reloads=1, domain reload time=469 ms, compile time=3348 ms, other=4 ms
		Project Asset Count: scripts=527, non-scripts=176
		Asset File Changes: new=0, changed=5, moved=0, deleted=0
		Scan Filter Count: 0
	InvokeBeforeRefreshCallbacks: 0.850ms
	ApplyChangesToAssetFolders: 0.020ms
	Scan: 11.315ms
	OnSourceAssetsModified: 1.940ms
	GetAllGuidsForCategorization: 0.084ms
	CategorizeAssets: 5.377ms
	ImportOutOfDateAssets: 248.097ms (-3155.195ms without children)
		ImportManagerImport: 51.860ms (4.654ms without children)
			ImportInProcess: 47.169ms
			UpdateCategorizedAssets: 0.037ms
		CompileScripts: 3348.136ms
		ReloadNativeAssets: 0.000ms
		UnloadImportedAssets: 1.755ms
		ReloadImportedAssets: 1.322ms
		EnsureUptoDateAssetsAreRegisteredWithGuidPM: 0.084ms
		InitializingProgressBar: 0.000ms
		PostProcessAllAssetNotificationsAddChangedAssets: 0.000ms
		OnDemandSchedulerStart: 0.134ms
	PostProcessAllAssets: 28.907ms
	Hotreload: 0.400ms
	GatherAllCurrentPrimaryArtifactRevisions: 0.000ms
	UnloadStreamsBegin: 0.432ms
	PersistCurrentRevisions: 0.106ms
	UnloadStreamsEnd: 0.002ms
	GenerateScriptTypeHashes: 0.570ms
	Untracked: 3759.854ms
Application.AssetDatabase Initial Refresh End
Scanning for USB devices : 0.771ms
Initializing Unity extensions:
[Licensing::Client] Successfully resolved entitlement details
[MODES] ModeService[none].Initialize
[MODES] ModeService[none].LoadModes
[MODES] Loading mode Default (0) for mode-current-id-FallenAngel
[PhysX] Initialized MultithreadedTaskDispatcher with 16 workers.
ProgressiveSceneManager::Cancel()
Unloading 3 Unused Serialized files (Serialized files now loaded: 0)
Unloading 14 unused Assets / (469.6 KB). Loaded Objects now: 915.
Memory consumption went from 85.5 MB to 85.1 MB.
Total: 2.985200 ms (FindLiveObjects: 0.057500 ms CreateObjectMapping: 0.008000 ms MarkObjects: 2.718500 ms  DeleteObjects: 0.200500 ms)

Batchmode quit successfully invoked - shutting down!
[PhysX] Initialized MultithreadedTaskDispatcher with 16 workers.
Curl error 42: Callback aborted
Curl error 42: Callback aborted
Input System module state changed to: ShutdownInProgress.
Input System polling thread exited.
Input System module state changed to: Shutdown.
[Licensing::IpcConnector] LicenseClient-LorXer-2022.3.62-notifications channel disconnected successfully.
[Licensing::IpcConnector] LicenseClient-LorXer-2022.3.62 channel disconnected successfully.
Cleanup mono
abort_threads: Failed aborting id: 0000000000004FC8, mono_thread_manage will ignore it

abort_threads: Failed aborting id: 00000000000016AC, mono_thread_manage will ignore it

abort_threads: Failed aborting id: 0000000000004FC8, mono_thread_manage will ignore it

abort_threads: Failed aborting id: 00000000000016AC, mono_thread_manage will ignore it

debugger-agent: Unable to listen on 4852
[Performance] WinEditorMain                                                                                                  :        1 samples, Peak.  1.91 s (1.0x), Avg.  1.91 s, Total. 1.906 s (24.5%)
[Performance] WinEditorMain.ConfigureCrashHandler                                                                            :        1 samples, Peak.  22.6 us (1.0x), Avg.  22.6 us, Total. 22.60 us (0.0%)
[Performance] WinEditorMain.CurlRequestInitialize                                                                            :        1 samples, Peak.   351 us (1.0x), Avg.   351 us, Total. 350.7 us (0.0%)
[Performance] WinEditorMain.SetupLogFile                                                                                     :        1 samples, Peak.   387 us (1.0x), Avg.   387 us, Total. 387.4 us (0.0%)
[Performance] WinEditorMain.RunNativeTestsIfRequiredAndExit                                                                  :        1 samples, Peak. 100.0 ns (1.0x), Avg. 100.0 ns, Total. 100.00 ns (0.0%)
[Performance] WinEditorMain.Licensing                                                                                        :        1 samples, Peak.  1.88 s (1.0x), Avg.  1.88 s, Total. 1.881 s (24.2%)
[Performance] WinEditorMain.InitializeCrashHandler                                                                           :        1 samples, Peak.  22.6 ms (1.0x), Avg.  22.6 ms, Total. 22.58 ms (0.3%)
[Performance] WinEditorMain.CreateApplication                                                                                :        1 samples, Peak.   103 us (1.0x), Avg.   103 us, Total. 103.3 us (0.0%)
[Performance] Application.InitializeProject                                                                                  :        1 samples, Peak.  5.63 s (1.0x), Avg.  5.63 s, Total. 5.627 s (72.3%)
[Performance] Application.PackageManager.StartServer                                                                         :        1 samples, Peak.  4.26 ms (1.0x), Avg.  4.26 ms, Total. 4.258 ms (0.1%)
[Performance] Application.AcquireProjectLock                                                                                 :        1 samples, Peak.  2.98 ms (1.0x), Avg.  2.98 ms, Total. 2.975 ms (0.0%)
[Performance] Application.InitializeEngineNoGraphics                                                                         :        1 samples, Peak.  42.8 ms (1.0x), Avg.  42.8 ms, Total. 42.84 ms (0.6%)
[Performance] Application.PackageManager.Initialize                                                                          :        1 samples, Peak.   270 ms (1.0x), Avg.   270 ms, Total. 270.1 ms (3.5%)
[Performance] Connecting to Package Manager                                                                                  :       28 samples, Peak.  57.1 us (19.5x), Avg.  2.93 us, Total. 81.90 us (0.0%)
[Performance] Application.EngineGraphics.Initialize                                                                          :        1 samples, Peak.  25.4 ms (1.0x), Avg.  25.4 ms, Total. 25.38 ms (0.3%)
[Performance] Application.GI.Initialize                                                                                      :        1 samples, Peak.  2.78 ms (1.0x), Avg.  2.78 ms, Total. 2.776 ms (0.0%)
[Performance] Application.LoadAllDefaultResourcesFromEditor                                                                  :        1 samples, Peak.  1.35 ms (1.0x), Avg.  1.35 ms, Total. 1.347 ms (0.0%)
[Performance] Application.LoadMonoAssemblies                                                                                 :        1 samples, Peak.   384 ms (1.0x), Avg.   384 ms, Total. 384.3 ms (4.9%)
[Performance] RestoreManagedReferences                                                                                       :        2 samples, Peak.  27.4 ms (2.0x), Avg.  13.7 ms, Total. 27.44 ms (0.4%)
[Performance] InitializeOnLoad DrivenRectTransformUndo                                                                       :        2 samples, Peak.   313 us (1.1x), Avg.   282 us, Total. 564.5 us (0.0%)
[Performance] InitializeOnLoad SceneSearch                                                                                   :        2 samples, Peak.   102 us (1.2x), Avg.  87.5 us, Total. 174.9 us (0.0%)
[Performance] InitializeOnLoad CloudBuild                                                                                    :        2 samples, Peak.  3.70 us (1.3x), Avg.  2.95 us, Total. 5.900 us (0.0%)
[Performance] InitializeOnLoad NativeFormatImporterUtility                                                                   :        2 samples, Peak.  1.88 ms (1.2x), Avg.  1.56 ms, Total. 3.115 ms (0.0%)
[Performance] InitializeOnLoad SearchService                                                                                 :        2 samples, Peak.   308 us (1.6x), Avg.   193 us, Total. 386.8 us (0.0%)
[Performance] InitializeOnLoad SettingsService                                                                               :        2 samples, Peak.  8.00 us (1.3x), Avg.  6.15 us, Total. 12.30 us (0.0%)
[Performance] InitializeOnLoad WindowLayout                                                                                  :        2 samples, Peak.   535 us (1.1x), Avg.   475 us, Total. 950.6 us (0.0%)
[Performance] InitializeOnLoad AssetStoreContext                                                                             :        2 samples, Peak.  17.8 ms (1.0x), Avg.  17.4 ms, Total. 34.78 ms (0.4%)
[Performance] InitializeOnLoad PoolManager                                                                                   :        2 samples, Peak.   375 us (1.0x), Avg.   372 us, Total. 744.7 us (0.0%)
[Performance] InitializeOnLoad MixerEffectDefinitionReloader                                                                 :        2 samples, Peak.  2.23 ms (1.4x), Avg.  1.63 ms, Total. 3.266 ms (0.0%)
[Performance] InitializeOnLoad ProjectSearch                                                                                 :        2 samples, Peak.  46.4 us (1.1x), Avg.  40.9 us, Total. 81.70 us (0.0%)
[Performance] InitializeOnLoad UISystemProfilerRenderService                                                                 :        2 samples, Peak.  5.80 us (1.1x), Avg.  5.20 us, Total. 10.40 us (0.0%)
[Performance] InitializeOnLoad EditMode                                                                                      :        2 samples, Peak.   294 us (1.1x), Avg.   274 us, Total. 548.8 us (0.0%)
[Performance] InitializeOnLoad UnityConnect                                                                                  :        2 samples, Peak.  35.0 us (1.1x), Avg.  32.9 us, Total. 65.90 us (0.0%)
[Performance] InitializeOnLoad ManagedDebugger                                                                               :        2 samples, Peak.   420 us (1.0x), Avg.   414 us, Total. 828.7 us (0.0%)
[Performance] InitializeOnLoad ShortcutIntegration                                                                           :        2 samples, Peak.  40.7 us (1.1x), Avg.  37.9 us, Total. 75.70 us (0.0%)
[Performance] InitializeOnLoad AddComponentWindow                                                                            :        2 samples, Peak.  69.6 us (1.0x), Avg.  68.8 us, Total. 137.5 us (0.0%)
[Performance] InitializeOnLoad ManagedDebuggerWindow                                                                         :        2 samples, Peak.  75.1 us (1.0x), Avg.  75.1 us, Total. 150.2 us (0.0%)
[Performance] InitializeOnLoad CacheServerWindow                                                                             :        2 samples, Peak.  6.90 us (1.3x), Avg.  5.50 us, Total. 11.00 us (0.0%)
[Performance] InitializeOnLoad PlayModeDownload                                                                              :        2 samples, Peak.  3.22 ms (1.9x), Avg.  1.67 ms, Total. 3.349 ms (0.0%)
[Performance] InitializeOnLoad MenuItems                                                                                     :        2 samples, Peak.  90.8 us (1.3x), Avg.  71.1 us, Total. 142.2 us (0.0%)
[Performance] InitializeOnLoad PrefabInstanceChangedListener                                                                 :        2 samples, Peak.   103 us (1.0x), Avg.  99.7 us, Total. 199.5 us (0.0%)
[Performance] InitializeOnLoad ObjectSelectorSearch                                                                          :        2 samples, Peak.  29.0 us (1.0x), Avg.  28.4 us, Total. 56.90 us (0.0%)
[Performance] InitializeOnLoad EditorMonitor                                                                                 :        2 samples, Peak.   457 us (1.2x), Avg.   371 us, Total. 742.1 us (0.0%)
[Performance] InitializeOnLoad RetainedMode                                                                                  :        2 samples, Peak.  1.49 ms (1.0x), Avg.  1.47 ms, Total. 2.933 ms (0.0%)
[Performance] InitializeOnLoad EditorShaderLoader                                                                            :        2 samples, Peak.   446 us (1.1x), Avg.   422 us, Total. 844.2 us (0.0%)
[Performance] InitializeOnLoad EditorDelegateRegistration                                                                    :        2 samples, Peak.   326 us (1.1x), Avg.   297 us, Total. 593.8 us (0.0%)
[Performance] InitializeOnLoad UIDocumentHierarchyWatcher                                                                    :        2 samples, Peak.  43.7 us (1.0x), Avg.  43.5 us, Total. 87.00 us (0.0%)
[Performance] InitializeOnLoad LiveReloadTrackerCreator                                                                      :        2 samples, Peak.   171 us (1.3x), Avg.   129 us, Total. 259.0 us (0.0%)
[Performance] InitializeOnLoad UxmlObjectEditorFactories                                                                     :        2 samples, Peak.   389 us (1.1x), Avg.   340 us, Total. 680.1 us (0.0%)
[Performance] InitializeOnLoad UXMLEditorFactories                                                                           :        2 samples, Peak.  38.8 ms (1.0x), Avg.  38.2 ms, Total. 76.34 ms (1.0%)
[Performance] InitializeOnLoad PurchasingService                                                                             :        2 samples, Peak.  4.68 ms (1.0x), Avg.  4.52 ms, Total. 9.037 ms (0.1%)
[Performance] InitializeOnLoad CloudBuildPoller                                                                              :        2 samples, Peak.  75.2 us (1.0x), Avg.  74.2 us, Total. 148.3 us (0.0%)
[Performance] InitializeOnLoad EditorGameServicesAnalytics                                                                   :        2 samples, Peak.  1.98 ms (1.5x), Avg.  1.35 ms, Total. 2.696 ms (0.0%)
[Performance] InitializeOnLoad AnalyticsService                                                                              :        2 samples, Peak.   115 us (1.0x), Avg.   115 us, Total. 230.5 us (0.0%)
[Performance] InitializeOnLoad BuildService                                                                                  :        2 samples, Peak.  92.3 us (1.0x), Avg.  90.1 us, Total. 180.2 us (0.0%)
[Performance] InitializeOnLoad AdsService                                                                                    :        2 samples, Peak.   255 us (1.0x), Avg.   248 us, Total. 495.3 us (0.0%)
[Performance] InitializeOnLoad UDPService                                                                                    :        2 samples, Peak.  99.2 us (1.0x), Avg.  97.8 us, Total. 195.7 us (0.0%)
[Performance] InitializeOnLoad CrashService                                                                                  :        2 samples, Peak.  87.8 us (1.0x), Avg.  86.7 us, Total. 173.5 us (0.0%)
[Performance] InitializeOnLoad ServicesRepository                                                                            :        2 samples, Peak.   300 ns (1.2x), Avg.   250 ns, Total. 500.0 ns (0.0%)
[Performance] InitializeOnLoad SearchWindow                                                                                  :        2 samples, Peak.  90.7 us (1.1x), Avg.  83.0 us, Total. 166.0 us (0.0%)
[Performance] InitializeOnLoad CustomIndexers                                                                                :        2 samples, Peak.  12.7 ms (1.1x), Avg.  11.9 ms, Total. 23.86 ms (0.3%)
[Performance] InitializeOnLoad SearchMonitor                                                                                 :        2 samples, Peak.   796 us (1.2x), Avg.   680 us, Total. 1.360 ms (0.0%)
[Performance] InitializeOnLoad ParameterControllerEditor                                                                     :        2 samples, Peak.  16.7 us (1.1x), Avg.  15.7 us, Total. 31.30 us (0.0%)
[Performance] InitializeOnLoad LayerSettingsWindow                                                                           :        2 samples, Peak.  19.2 us (1.7x), Avg.  11.0 us, Total. 22.00 us (0.0%)
[Performance] InitializeOnLoad PackageManagerHookGUIDConverter.RegisterPackagesEventHandler                                  :        2 samples, Peak.   548 us (1.7x), Avg.   326 us, Total. 651.6 us (0.0%)
[Performance] InitializeOnLoad EditorDragAndDrop.RegisterEditorClient                                                        :        2 samples, Peak.   156 us (1.0x), Avg.   152 us, Total. 303.7 us (0.0%)
[Performance] InitializeOnLoad EditorEventCallbacks.InitializeFontAssetResourceChangeCallBacks                               :        2 samples, Peak.   798 us (1.0x), Avg.   790 us, Total. 1.581 ms (0.0%)
[Performance] InitializeOnLoad SceneTemplateService.Init                                                                     :        2 samples, Peak.   830 us (1.1x), Avg.   790 us, Total. 1.580 ms (0.0%)
[Performance] InitializeOnLoad DiagnosticSwitchesConsoleMessage.Init                                                         :        2 samples, Peak.  4.50 ms (1.7x), Avg.  2.60 ms, Total. 5.190 ms (0.1%)
[Performance] InitializeOnLoad MemoryProfilerCompilationGuard.InjectCompileGuard                                             :        2 samples, Peak.   107 us (1.0x), Avg.   105 us, Total. 210.9 us (0.0%)
[Performance] InitializeOnLoad EditorWindow.Initialize                                                                       :        2 samples, Peak.   172 us (1.1x), Avg.   155 us, Total. 310.8 us (0.0%)
[Performance] InitializeOnLoad AssetPostprocessingInternal.RefreshCustomDependencies                                         :        2 samples, Peak.  3.01 ms (1.5x), Avg.  1.98 ms, Total. 3.951 ms (0.1%)
[Performance] InitializeOnLoad SysrootManager.Initialize                                                                     :        2 samples, Peak.   412 us (1.1x), Avg.   359 us, Total. 718.1 us (0.0%)
[Performance] InitializeOnLoad PackageManagerWindow.EditorInitializedInSafeMode                                              :        2 samples, Peak.  19.1 ms (2.0x), Avg.  9.59 ms, Total. 19.18 ms (0.2%)
[Performance] InitializeOnLoad ToolShortcutContext.Init                                                                      :        2 samples, Peak.   110 us (1.2x), Avg.  91.5 us, Total. 183.0 us (0.0%)
[Performance] InitializeOnLoad SceneVisibilityManager.Initialize                                                             :        2 samples, Peak.  3.39 ms (1.7x), Avg.  1.96 ms, Total. 3.924 ms (0.1%)
[Performance] InitializeOnLoad ScopedRegistryAddedPopup.SubscribeToRegistriesAdded                                           :        2 samples, Peak.  5.35 ms (2.0x), Avg.  2.71 ms, Total. 5.413 ms (0.1%)
[Performance] AssemblyReloadEvents.afterAssemblyReload: UnityEditor.SceneTemplate.SceneTemplateService.AfterAssemblyReload   :        2 samples, Peak.  3.87 ms (1.9x), Avg.  2.04 ms, Total. 4.071 ms (0.1%)
[Performance] ProcessService.EditorAfterLoadAllAssemblies                                                                    :        2 samples, Peak.   253 us (1.1x), Avg.   222 us, Total. 444.1 us (0.0%)
[Performance] Application.ReadLicenseInfo                                                                                    :        1 samples, Peak.  13.6 ms (1.0x), Avg.  13.6 ms, Total. 13.61 ms (0.2%)
[Performance] Application.InitialRefresh                                                                                     :        1 samples, Peak.  4.06 s (1.0x), Avg.  4.06 s, Total. 4.058 s (52.1%)
[Performance] ShaderImporter.SourceAssetModified                                                                             :        2 samples, Peak.   700 ns (1.2x), Avg.   600 ns, Total. 1.200 us (0.0%)
[Performance] ShaderIncludeImporter.SourceAssetModified                                                                      :        2 samples, Peak.   800 ns (1.2x), Avg.   650 ns, Total. 1.300 us (0.0%)
[Performance] Compiling Scripts                                                                                              :        1 samples, Peak.  3.35 s (1.0x), Avg.  3.35 s, Total. 3.347 s (43.0%)
[Performance] AssemblyReloadEvents.beforeAssemblyReload: UnityEditor.SceneTemplate.SceneTemplateService.BeforeAssemblyReload :        1 samples, Peak.   348 us (1.0x), Avg.   348 us, Total. 348.0 us (0.0%)
[Performance] PresetManagerPostProcessor.OnPreprocessAsset                                                                   :        5 samples, Peak.   788 us (4.7x), Avg.   166 us, Total. 832.3 us (0.0%)
[Performance] CancelSplashScreenOnAssetChange.OnPreprocessAsset                                                              :        5 samples, Peak.   109 us (4.7x), Avg.  23.3 us, Total. 116.6 us (0.0%)
[Performance] InitializeOnLoad PrefabLayoutRebuilder                                                                         :        1 samples, Peak.   196 us (1.0x), Avg.   196 us, Total. 195.9 us (0.0%)
[Performance] DidReloadScriptsAdvancedDropdownWindow.OnScriptReload                                                          :        1 samples, Peak.   142 us (1.0x), Avg.   142 us, Total. 141.7 us (0.0%)
[Performance] AssetDatabase.ImportAssets                                                                                     :        3 samples, Peak.   800 ns (2.2x), Avg.   367 ns, Total. 1.100 us (0.0%)
[Performance] VersionControl.Task.Wait                                                                                       :        1 samples, Peak.  6.00 us (1.0x), Avg.  6.00 us, Total. 6.000 us (0.0%)
[Performance] TMPro_TexturePostProcessor.OnPostprocessAllAssets                                                              :        2 samples, Peak.   532 us (1.1x), Avg.   486 us, Total. 971.3 us (0.0%)
[Performance] BuilderAssetPostprocessor.OnPostprocessAllAssets                                                               :        2 samples, Peak.  1.84 ms (1.0x), Avg.  1.84 ms, Total. 3.672 ms (0.0%)
[Performance] ArtifactBrowserPostProcessor.OnPostprocessAllAssets                                                            :        2 samples, Peak.   379 us (1.0x), Avg.   378 us, Total. 756.0 us (0.0%)
[Performance] AssetEvents.OnPostprocessAllAssets                                                                             :        4 samples, Peak.   125 us (1.5x), Avg.  81.8 us, Total. 327.0 us (0.0%)
[Performance] AudioMixerPostprocessor.OnPostprocessAllAssets                                                                 :        2 samples, Peak.   185 us (1.0x), Avg.   184 us, Total. 367.8 us (0.0%)
[Performance] StyleCatalogPostProcessor.OnPostprocessAllAssets                                                               :        2 samples, Peak.  12.8 ms (1.0x), Avg.  12.8 ms, Total. 25.51 ms (0.3%)
[Performance] BuildCatalog                                                                                                   :        1 samples, Peak.  12.0 ms (1.0x), Avg.  12.0 ms, Total. 11.99 ms (0.2%)
[Performance] ModelImporterPostProcessor.OnPostprocessAllAssets                                                              :        2 samples, Peak.   699 us (1.0x), Avg.   698 us, Total. 1.396 ms (0.0%)
[Performance] RetainedModeAssetPostprocessor.OnPostprocessAllAssets                                                          :        2 samples, Peak.  2.07 ms (1.0x), Avg.  2.07 ms, Total. 4.134 ms (0.1%)
[Performance] AssetChangedListener.OnPostprocessAllAssets                                                                    :        2 samples, Peak.  1.34 ms (1.0x), Avg.  1.34 ms, Total. 2.682 ms (0.0%)
[Performance] SpeedTreePostProcessor.OnPostprocessAllAssets                                                                  :        2 samples, Peak.   146 us (1.0x), Avg.   145 us, Total. 289.7 us (0.0%)
[Performance] TextAssetPostProcessor.OnPostprocessAllAssets                                                                  :        2 samples, Peak.   292 us (1.0x), Avg.   291 us, Total. 582.8 us (0.0%)
[Performance] SyncVS.PostprocessSyncProject                                                                                  :        1 samples, Peak.   985 us (1.0x), Avg.   985 us, Total. 985.0 us (0.0%)
[Performance] Application.ImportPackagesAndSetTemplateWhenCreatingProject                                                    :        1 samples, Peak.  9.70 ms (1.0x), Avg.  9.70 ms, Total. 9.704 ms (0.1%)
[Performance] Application.SyncCurrentColorSpace                                                                              :        1 samples, Peak.  6.89 ms (1.0x), Avg.  6.89 ms, Total. 6.889 ms (0.1%)
[Performance] Application.OnUsbDevicesChanged                                                                                :        1 samples, Peak.   819 us (1.0x), Avg.   819 us, Total. 819.1 us (0.0%)
[Performance] Application.AssetInstanceCacheUpdate                                                                           :        1 samples, Peak. 0.0 (-nan(ind)x), Avg. 0.0, Total. 0.0 (0.0%)
[Performance] Application.UnityExtensions.Initialize                                                                         :        1 samples, Peak.   536 us (1.0x), Avg.   536 us, Total. 536.3 us (0.0%)
[Performance] CodeEditorProjectSync.SyncEditorProject                                                                        :        1 samples, Peak.  69.5 us (1.0x), Avg.  69.5 us, Total. 69.50 us (0.0%)
[Performance] Application.ExecuteStartups                                                                                    :        1 samples, Peak.  27.4 ms (1.0x), Avg.  27.4 ms, Total. 27.41 ms (0.4%)
[Performance] Menu.RegisterMenuInterface                                                                                     :       26 samples, Peak.   800 ns (6.5x), Avg.   123 ns, Total. 3.200 us (0.0%)
[Performance] Gizmo.RebuildRenderers                                                                                         :        1 samples, Peak.  27.1 ms (1.0x), Avg.  27.1 ms, Total. 27.10 ms (0.3%)
[Performance] Gizmo.AddGizmoRenderers                                                                                        :       23 samples, Peak.  1.37 ms (16.6x), Avg.  82.8 us, Total. 1.904 ms (0.0%)
[Performance] Application.editorInitializingProject                                                                          :        1 samples, Peak.   109 ms (1.0x), Avg.   109 ms, Total. 108.6 ms (1.4%)
[Performance] Application.InitializeMenu                                                                                     :        1 samples, Peak.  32.6 ms (1.0x), Avg.  32.6 ms, Total. 32.65 ms (0.4%)
[Performance] Menu.RebuildAll                                                                                                :        1 samples, Peak.  32.6 ms (1.0x), Avg.  32.6 ms, Total. 32.64 ms (0.4%)
[Performance] Menu.BuildRegisteredMenuInterfaces                                                                             :        1 samples, Peak.  30.9 ms (1.0x), Avg.  30.9 ms, Total. 30.93 ms (0.4%)
[Performance] Menu.FilterMenuItem                                                                                            :      550 samples, Peak.  12.8 ms (545.3x), Avg.  23.4 us, Total. 12.88 ms (0.2%)
[Performance] UpdateAllMenus                                                                                                 :        1 samples, Peak.   385 us (1.0x), Avg.   385 us, Total. 385.3 us (0.0%)
[Performance] Menu.RebuildOSMainMenu                                                                                         :        2 samples, Peak.  1.45 ms (1.1x), Avg.  1.31 ms, Total. 2.620 ms (0.0%)
[Performance] EditorSceneManager.sceneClosing: UnityEditor.SceneVisibilityManager.EditorSceneManagerOnSceneClosing           :        1 samples, Peak.   184 us (1.0x), Avg.   184 us, Total. 183.8 us (0.0%)
[Performance] GUIView.RepaintAll.PlayerLoopController                                                                        :        1 samples, Peak.  1.00 us (1.0x), Avg.  1.00 us, Total. 1.000 us (0.0%)
[Performance] EditorSceneManager.newSceneCreated: UnityEditor.SceneTemplate.SceneTemplateService.OnNewSceneCreated           :        1 samples, Peak.   215 us (1.0x), Avg.   215 us, Total. 215.4 us (0.0%)
[Performance] EditorSceneManager.newSceneCreated: UnityEditor.SceneVisibilityManager.EditorSceneManagerOnNewSceneCreated     :        1 samples, Peak.   129 us (1.0x), Avg.   129 us, Total. 129.3 us (0.0%)
[Performance] EditorSceneManager.newSceneCreated: UnityEditor.SceneManagement.StageNavigationManager.OnNewSceneCreated       :        1 samples, Peak.  44.6 us (1.0x), Avg.  44.6 us, Total. 44.60 us (0.0%)
[Performance] Application.InvokeFinishedLoadingProject                                                                       :        1 samples, Peak.  1.00 ms (1.0x), Avg.  1.00 ms, Total. 1.004 ms (0.0%)
[Performance] ProcessService.OnProjectLoaded                                                                                 :        1 samples, Peak.  33.3 us (1.0x), Avg.  33.3 us, Total. 33.30 us (0.0%)
[Performance] EditorApplication.quitting: callback in UnityEditor.TextCore.Text.EditorEventCallbacks                         :        1 samples, Peak.  3.65 ms (1.0x), Avg.  3.65 ms, Total. 3.646 ms (0.0%)
[Performance] Application.Shutdown.PauseProfilerSession                                                                      :        1 samples, Peak.  26.3 us (1.0x), Avg.  26.3 us, Total. 26.30 us (0.0%)
[Performance] Application.Shutdown.PauseAssetImportWorkers                                                                   :        1 samples, Peak.  71.1 us (1.0x), Avg.  71.1 us, Total. 71.10 us (0.0%)
[Performance] Application.Shutdown.SaveAssets                                                                                :        1 samples, Peak.  6.69 ms (1.0x), Avg.  6.69 ms, Total. 6.693 ms (0.1%)
[Performance] BuilderAssetModificationProcessor.OnWillSaveAssets                                                             :        1 samples, Peak.   262 us (1.0x), Avg.   262 us, Total. 262.4 us (0.0%)
[Performance] TerrainModificationProcessor.OnWillSaveAssets                                                                  :        1 samples, Peak.   452 us (1.0x), Avg.   452 us, Total. 452.5 us (0.0%)
[Performance] Application.Shutdown.CleanupRenderPipeline                                                                     :        1 samples, Peak.  3.90 us (1.0x), Avg.  3.90 us, Total. 3.900 us (0.0%)
[Performance] Application.Shutdown.StopPreloadManager                                                                        :        1 samples, Peak.  9.79 ms (1.0x), Avg.  9.79 ms, Total. 9.787 ms (0.1%)
[Performance] Application.Shutdown.DestroyWorld                                                                              :        1 samples, Peak.   301 us (1.0x), Avg.   301 us, Total. 301.1 us (0.0%)
[Performance] Application.Shutdown.CleanupAfterLoad                                                                          :        1 samples, Peak.  1.79 ms (1.0x), Avg.  1.79 ms, Total. 1.794 ms (0.0%)
[Performance] Application.Shutdown.Progress                                                                                  :        1 samples, Peak.  4.40 us (1.0x), Avg.  4.40 us, Total. 4.400 us (0.0%)
[Performance] Application.Shutdown.GICleanupManagers                                                                         :        1 samples, Peak.   330 us (1.0x), Avg.   330 us, Total. 330.0 us (0.0%)
[Performance] Application.Shutdown.MenuCleanupClass                                                                          :        1 samples, Peak.   119 us (1.0x), Avg.   119 us, Total. 119.5 us (0.0%)
[Performance] Application.Shutdown.ADBSaveStateBeforeShutdown                                                                :        1 samples, Peak.  8.80 us (1.0x), Avg.  8.80 us, Total. 8.800 us (0.0%)
[Performance] Application.Shutdown.RemoteShutdown                                                                            :        1 samples, Peak.   600 ns (1.0x), Avg.   600 ns, Total. 600.0 ns (0.0%)
[Performance] Application.Shutdown.CleanupVCProvider                                                                         :        1 samples, Peak.  7.70 us (1.0x), Avg.  7.70 us, Total. 7.700 us (0.0%)
[Performance] Application.Shutdown.InputShutdown                                                                             :        1 samples, Peak.   500 ns (1.0x), Avg.   500 ns, Total. 500.0 ns (0.0%)
[Performance] Application.Shutdown.GizmoManagerDestroy                                                                       :        1 samples, Peak.   341 us (1.0x), Avg.   341 us, Total. 340.7 us (0.0%)
[Performance] Application.Shutdown.ProfilerSession                                                                           :        1 samples, Peak.   160 us (1.0x), Avg.   160 us, Total. 159.5 us (0.0%)
[Performance] Application.Shutdown.ReleaseGfxWindowOnAllGUIViews                                                             :        1 samples, Peak.   300 ns (1.0x), Avg.   300 ns, Total. 300.0 ns (0.0%)
[Performance] Application.Shutdown.CleanupEngine                                                                             :        1 samples, Peak.  98.5 ms (1.0x), Avg.  98.5 ms, Total. 98.51 ms (1.3%)
[Performance] Application.Shutdown.CleanupAssetDatabase                                                                      :        1 samples, Peak.  2.11 ms (1.0x), Avg.  2.11 ms, Total. 2.105 ms (0.0%)
[Performance] Application.Shutdown.ScriptCompilationCleanUp                                                                  :        1 samples, Peak.  15.7 ms (1.0x), Avg.  15.7 ms, Total. 15.68 ms (0.2%)
[Performance] Application.Shutdown.DestroyJobSystem                                                                          :        1 samples, Peak.  85.6 us (1.0x), Avg.  85.6 us, Total. 85.60 us (0.0%)
[Performance] Application.Shutdown.CleanupPersistentManager                                                                  :        1 samples, Peak.   499 us (1.0x), Avg.   499 us, Total. 499.1 us (0.0%)
[Performance] Application.Shutdown.CleanupAsyncReadManager                                                                   :        1 samples, Peak.   242 us (1.0x), Avg.   242 us, Total. 241.8 us (0.0%)
[Performance] Application.Shutdown.CleanupProgressBar                                                                        :        1 samples, Peak.   100 ns (1.0x), Avg.   100 ns, Total. 100.0 ns (0.0%)
[Performance] Application.Shutdown.CleanupMono                                                                               :        1 samples, Peak.  32.1 ms (1.0x), Avg.  32.1 ms, Total. 32.10 ms (0.4%)
[Performance] Application.Shutdown.CleanupStdConverters                                                                      :        1 samples, Peak.  8.20 us (1.0x), Avg.  8.20 us, Total. 8.200 us (0.0%)
[Performance] Application.Shutdown.UnloadAllPlatformSupportModuleNativeDlls                                                  :        1 samples, Peak.   900 ns (1.0x), Avg.   900 ns, Total. 900.0 ns (0.0%)
[Performance] Application.Shutdown.UnloadAllPlatformSupportNativeLibraries                                                   :        1 samples, Peak.   100 ns (1.0x), Avg.   100 ns, Total. 100.0 ns (0.0%)
[Performance] Application.Shutdown.CleanupAutoDocumentation                                                                  :        1 samples, Peak.   286 us (1.0x), Avg.   286 us, Total. 286.2 us (0.0%)
[Performance] Application.Shutdown.ShaderNameManagerDestroy                                                                  :        1 samples, Peak.  48.2 us (1.0x), Avg.  48.2 us, Total. 48.20 us (0.0%)
[Performance] Application.Shutdown.CleanupCacheServer                                                                        :        1 samples, Peak. 0.0 (-nan(ind)x), Avg. 0.0, Total. 0.0 (0.0%)
[Performance] Application.Shutdown.Virtualization_Shutdown                                                                   :        1 samples, Peak.   300 ns (1.0x), Avg.   300 ns, Total. 300.0 ns (0.0%)
[Performance] Application.Shutdown.DevConnections                                                                            :        1 samples, Peak.  93.2 us (1.0x), Avg.  93.2 us, Total. 93.20 us (0.0%)
Exiting batchmode successfully now!
Exiting without the bug reporter. Application will terminate with return code 0